# tests that if given dest node doesn't exist, output is correct
created graph graph
unknown: n1

added node n1 to graph
unknown: n2

added node n2 to graph
unknown: n3